{"log-path":"src/main/resources/manual-logs/log-dir-1/log11.log","host":"localhost","port":"55551","line_number":"2","content":"2023-05-21 10:15:35 ERROR Failed to start service"}
{"log-path":"src/main/resources/manual-logs/log-dir-2/log22.log","host":"localhost","port":"55552","line_number":"2","content":"2023-05-21 10:18:30 ERROR Client disconnected unexpectedly"}
{"log-path":"src/main/resources/manual-logs/log-dir-2/log21.log","host":"localhost","port":"55552","line_number":"3","content":"2023-05-21 10:16:00 ERROR Failed to read configuration file"}
{"log-path":"src/main/resources/manual-logs/log-dir-3/log32.log","host":"localhost","port":"55553","line_number":"1","content":"2023-05-21 10:17:45 ERROR Out of memory"}
{"log-path":"src/main/resources/manual-logs/log-dir-3/log32.log","host":"localhost","port":"55553","line_number":"3","content":"2023-05-21 10:19:45 ERROR Insufficient memory"}
{"log-path":"src/main/resources/manual-logs/log-dir-3/log33.log","host":"localhost","port":"55553","line_number":"1","content":"2023-05-21 10:19:45 ERROR Insufficient memory"}
